This is pdfTeX, Version 3.141592653-2.6-1.40.26 (MiKTeX 24.4) (preloaded format=pdflatex 2024.6.9)  1 JUL 2025 20:19
entering extended mode
 restricted \write18 enabled.
 %&-line parsing enabled.
**d:/_Documents/KLTN/Product/1601_DevelopmentalAssignmentViaLLM/Paper/BichHao/21522049_21521447.tex
(d:/_Documents/KLTN/Product/1601_DevelopmentalAssignmentViaLLM/Paper/BichHao/21522049_21521447.tex
LaTeX2e <2024-06-01>
L3 programming layer <2024-05-08>
(C:\Users\nguye\AppData\Local\Programs\MiKTeX\tex/latex/llncs\llncs.cls
Document Class: llncs 2025/02/25 v2.26 
 LaTeX document class for Lecture Notes in Computer Science
(C:\Users\nguye\AppData\Local\Programs\MiKTeX\tex/latex/base\article.cls
Document Class: article 2024/02/08 v1.4n Standard LaTeX document class
(C:\Users\nguye\AppData\Local\Programs\MiKTeX\tex/latex/base\size10.clo
File: size10.clo 2024/02/08 v1.4n Standard LaTeX file (size option)
)
\c@part=\count194
\c@section=\count195
\c@subsection=\count196
\c@subsubsection=\count197
\c@paragraph=\count198
\c@subparagraph=\count199
\c@figure=\count266
\c@table=\count267
\abovecaptionskip=\skip49
\belowcaptionskip=\skip50
\bibindent=\dimen141
) (C:\Users\nguye\AppData\Local\Programs\MiKTeX\tex/latex/tools\multicol.sty
Package: multicol 2023/03/30 v1.9f multicolumn formatting (FMi)
\c@tracingmulticols=\count268
\mult@box=\box52
\multicol@leftmargin=\dimen142
\c@unbalance=\count269
\c@collectmore=\count270
\doublecol@number=\count271
\multicoltolerance=\count272
\multicolpretolerance=\count273
\full@width=\dimen143
\page@free=\dimen144
\premulticols=\dimen145
\postmulticols=\dimen146
\multicolsep=\skip51
\multicolbaselineskip=\skip52
\partial@page=\box53
\last@line=\box54
\mc@boxedresult=\box55
\maxbalancingoverflow=\dimen147
\mult@rightbox=\box56
\mult@grightbox=\box57
\mult@firstbox=\box58
\mult@gfirstbox=\box59
\@tempa=\box60
\@tempa=\box61
\@tempa=\box62
\@tempa=\box63
\@tempa=\box64
\@tempa=\box65
\@tempa=\box66
\@tempa=\box67
\@tempa=\box68
\@tempa=\box69
\@tempa=\box70
\@tempa=\box71
\@tempa=\box72
\@tempa=\box73
\@tempa=\box74
\@tempa=\box75
\@tempa=\box76
\@tempa=\box77
\@tempa=\box78
\@tempa=\box79
\@tempa=\box80
\@tempa=\box81
\@tempa=\box82
\@tempa=\box83
\@tempa=\box84
\@tempa=\box85
\@tempa=\box86
\@tempa=\box87
\@tempa=\box88
\@tempa=\box89
\@tempa=\box90
\@tempa=\box91
\@tempa=\box92
\@tempa=\box93
\@tempa=\box94
\@tempa=\box95
\c@minrows=\count274
\c@columnbadness=\count275
\c@finalcolumnbadness=\count276
\last@try=\dimen148
\multicolovershoot=\dimen149
\multicolundershoot=\dimen150
\mult@nat@firstbox=\box96
\colbreak@box=\box97
\mc@col@check@num=\count277
) (C:\Users\nguye\AppData\Local\Programs\MiKTeX\tex/latex/oberdiek\aliascnt.sty
Package: aliascnt 2018/09/07 v1.5 Alias counters (HO)
)
\c@chapter=\count278
LaTeX Font Info:    Redeclaring math symbol \Gamma on input line 379.
LaTeX Font Info:    Redeclaring math symbol \Delta on input line 380.
LaTeX Font Info:    Redeclaring math symbol \Theta on input line 381.
LaTeX Font Info:    Redeclaring math symbol \Lambda on input line 382.
LaTeX Font Info:    Redeclaring math symbol \Xi on input line 383.
LaTeX Font Info:    Redeclaring math symbol \Pi on input line 384.
LaTeX Font Info:    Redeclaring math symbol \Sigma on input line 385.
LaTeX Font Info:    Redeclaring math symbol \Upsilon on input line 386.
LaTeX Font Info:    Redeclaring math symbol \Phi on input line 387.
LaTeX Font Info:    Redeclaring math symbol \Psi on input line 388.
LaTeX Font Info:    Redeclaring math symbol \Omega on input line 389.
LaTeX Info: Redefining \vec on input line 394.
\tocchpnum=\dimen151
\tocsecnum=\dimen152
\tocsectotal=\dimen153
\tocsubsecnum=\dimen154
\tocsubsectotal=\dimen155
\tocsubsubsecnum=\dimen156
\tocsubsubsectotal=\dimen157
\tocparanum=\dimen158
\tocparatotal=\dimen159
\tocsubparanum=\dimen160
\@tempcntc=\count279
\fnindent=\dimen161
\c@@inst=\count280
\c@@auth=\count281
\c@auco=\count282
\instindent=\dimen162
\authrun=\box98
\authorrunning=\toks17
\tocauthor=\toks18
\titrun=\box99
\titlerunning=\toks19
\toctitle=\toks20
\c@theorem=\count283
\c@case=\count284
\c@conjecture=\count285
\c@corollary=\count286
\c@definition=\count287
\c@example=\count288
\c@exercise=\count289
\c@lemma=\count290
\c@note=\count291
\c@problem=\count292
\c@property=\count293
\c@proposition=\count294
\c@question=\count295
\c@solution=\count296
\c@remark=\count297
\headlineindent=\dimen163
) (C:\Users\nguye\AppData\Local\Programs\MiKTeX\tex/latex/base\inputenc.sty
Package: inputenc 2024/02/08 v1.3d Input encoding file
\inpenc@prehook=\toks21
\inpenc@posthook=\toks22
) (C:\Users\nguye\AppData\Local\Programs\MiKTeX\tex/latex/graphics\graphicx.sty
Package: graphicx 2021/09/16 v1.2d Enhanced LaTeX Graphics (DPC,SPQR)
 (C:\Users\nguye\AppData\Local\Programs\MiKTeX\tex/latex/graphics\keyval.sty
Package: keyval 2022/05/29 v1.15 key=value parser (DPC)
\KV@toks@=\toks23
) (C:\Users\nguye\AppData\Local\Programs\MiKTeX\tex/latex/graphics\graphics.sty
Package: graphics 2022/03/10 v1.4e Standard LaTeX Graphics (DPC,SPQR)
 (C:\Users\nguye\AppData\Local\Programs\MiKTeX\tex/latex/graphics\trig.sty
Package: trig 2021/08/11 v1.11 sin cos tan (DPC)
) (C:\Users\nguye\AppData\Local\Programs\MiKTeX\tex/latex/graphics-cfg\graphics.cfg
File: graphics.cfg 2016/06/04 v1.11 sample graphics configuration
)
Package graphics Info: Driver file: pdftex.def on input line 107.
 (C:\Users\nguye\AppData\Local\Programs\MiKTeX\tex/latex/graphics-def\pdftex.def
File: pdftex.def 2024/04/13 v1.2c Graphics/color driver for pdftex
))
\Gin@req@height=\dimen164
\Gin@req@width=\dimen165
) (C:\Users\nguye\AppData\Local\Programs\MiKTeX\tex/latex/amsmath\amsmath.sty
Package: amsmath 2023/05/13 v2.17o AMS math features
\@mathmargin=\skip53

For additional information on amsmath, use the `?' option.
(C:\Users\nguye\AppData\Local\Programs\MiKTeX\tex/latex/amsmath\amstext.sty
Package: amstext 2021/08/26 v2.01 AMS text
 (C:\Users\nguye\AppData\Local\Programs\MiKTeX\tex/latex/amsmath\amsgen.sty
File: amsgen.sty 1999/11/30 v2.0 generic functions
\@emptytoks=\toks24
\ex@=\dimen166
)) (C:\Users\nguye\AppData\Local\Programs\MiKTeX\tex/latex/amsmath\amsbsy.sty
Package: amsbsy 1999/11/29 v1.2d Bold Symbols
\pmbraise@=\dimen167
) (C:\Users\nguye\AppData\Local\Programs\MiKTeX\tex/latex/amsmath\amsopn.sty
Package: amsopn 2022/04/08 v2.04 operator names
)
\inf@bad=\count298
LaTeX Info: Redefining \frac on input line 234.
\uproot@=\count299
\leftroot@=\count300
LaTeX Info: Redefining \overline on input line 399.
LaTeX Info: Redefining \colon on input line 410.
\classnum@=\count301
\DOTSCASE@=\count302
LaTeX Info: Redefining \ldots on input line 496.
LaTeX Info: Redefining \dots on input line 499.
LaTeX Info: Redefining \cdots on input line 620.
\Mathstrutbox@=\box100
\strutbox@=\box101
LaTeX Info: Redefining \big on input line 722.
LaTeX Info: Redefining \Big on input line 723.
LaTeX Info: Redefining \bigg on input line 724.
LaTeX Info: Redefining \Bigg on input line 725.
\big@size=\dimen168
LaTeX Font Info:    Redeclaring font encoding OML on input line 743.
LaTeX Font Info:    Redeclaring font encoding OMS on input line 744.


Package amsmath Warning: Unable to redefine math accent \vec.

\macc@depth=\count303
LaTeX Info: Redefining \bmod on input line 905.
LaTeX Info: Redefining \pmod on input line 910.
LaTeX Info: Redefining \smash on input line 940.
LaTeX Info: Redefining \relbar on input line 970.
LaTeX Info: Redefining \Relbar on input line 971.
\c@MaxMatrixCols=\count304
\dotsspace@=\muskip17
\c@parentequation=\count305
\dspbrk@lvl=\count306
\tag@help=\toks25
\row@=\count307
\column@=\count308
\maxfields@=\count309
\andhelp@=\toks26
\eqnshift@=\dimen169
\alignsep@=\dimen170
\tagshift@=\dimen171
\tagwidth@=\dimen172
\totwidth@=\dimen173
\lineht@=\dimen174
\@envbody=\toks27
\multlinegap=\skip54
\multlinetaggap=\skip55
\mathdisplay@stack=\toks28
LaTeX Info: Redefining \[ on input line 2953.
LaTeX Info: Redefining \] on input line 2954.
) (C:\Users\nguye\AppData\Local\Programs\MiKTeX\tex/latex/amsfonts\amssymb.sty
Package: amssymb 2013/01/14 v3.01 AMS font symbols
 (C:\Users\nguye\AppData\Local\Programs\MiKTeX\tex/latex/amsfonts\amsfonts.sty
Package: amsfonts 2013/01/14 v3.01 Basic AMSFonts support
\symAMSa=\mathgroup4
\symAMSb=\mathgroup5
LaTeX Font Info:    Redeclaring math symbol \hbar on input line 98.
LaTeX Font Info:    Overwriting math alphabet `\mathfrak' in version `bold'
(Font)                  U/euf/m/n --> U/euf/b/n on input line 106.
)) (C:\Users\nguye\AppData\Local\Programs\MiKTeX\tex/latex/booktabs\booktabs.sty
Package: booktabs 2020/01/12 v1.61803398 Publication quality tables
\heavyrulewidth=\dimen175
\lightrulewidth=\dimen176
\cmidrulewidth=\dimen177
\belowrulesep=\dimen178
\belowbottomsep=\dimen179
\aboverulesep=\dimen180
\abovetopsep=\dimen181
\cmidrulesep=\dimen182
\cmidrulekern=\dimen183
\defaultaddspace=\dimen184
\@cmidla=\count310
\@cmidlb=\count311
\@aboverulesep=\dimen185
\@belowrulesep=\dimen186
\@thisruleclass=\count312
\@lastruleclass=\count313
\@thisrulewidth=\dimen187
) (C:\Users\nguye\AppData\Local\Programs\MiKTeX\tex/latex/multirow\multirow.sty
Package: multirow 2021/03/15 v2.8 Span multiple rows of a table
\multirow@colwidth=\skip56
\multirow@cntb=\count314
\multirow@dima=\skip57
\bigstrutjot=\dimen188
) (C:\Users\nguye\AppData\Local\Programs\MiKTeX\tex/latex/tools\tabularx.sty
Package: tabularx 2023/07/08 v2.11c `tabularx' package (DPC)
 (C:\Users\nguye\AppData\Local\Programs\MiKTeX\tex/latex/tools\array.sty
Package: array 2023/10/16 v2.5g Tabular extension package (FMi)
\col@sep=\dimen189
\ar@mcellbox=\box102
\extrarowheight=\dimen190
\NC@list=\toks29
\extratabsurround=\skip58
\backup@length=\skip59
\ar@cellbox=\box103
)
\TX@col@width=\dimen191
\TX@old@table=\dimen192
\TX@old@col=\dimen193
\TX@target=\dimen194
\TX@delta=\dimen195
\TX@cols=\count315
\TX@ftn=\toks30
) (C:\Users\nguye\AppData\Local\Programs\MiKTeX\tex/latex/float\float.sty
Package: float 2001/11/08 v1.3d Float enhancements (AL)
\c@float@type=\count316
\float@exts=\toks31
\float@box=\box104
\@float@everytoks=\toks32
\@floatcapt=\box105
) (C:\Users\nguye\AppData\Local\Programs\MiKTeX\tex/latex/caption\caption.sty
Package: caption 2023/08/05 v3.6o Customizing captions (AR)
 (C:\Users\nguye\AppData\Local\Programs\MiKTeX\tex/latex/caption\caption3.sty
Package: caption3 2023/07/31 v2.4d caption3 kernel (AR)
\caption@tempdima=\dimen196
\captionmargin=\dimen197
\caption@leftmargin=\dimen198
\caption@rightmargin=\dimen199
\caption@width=\dimen256
\caption@indent=\dimen257
\caption@parindent=\dimen258
\caption@hangindent=\dimen259
Package caption Info: Unknown document class (or package),
(caption)             standard defaults will be used.
Package caption Info: \@makecaption = \long macro:#1#2->\small \vskip \abovecaptionskip \sbox \@tempboxa {{\bfseries #1.} #2}\ifdim \wd \@tempboxa >\hsize {\bfseries #1.} #2\par \else \global \@minipagefalse \hb@xt@ \hsize {\hfil \box \@tempboxa \hfil }\fi \vskip \belowcaptionskip  on input line 1175.
)

Package caption Warning: Unknown document class (or package),
(caption)                standard defaults will be used.
See the caption package documentation for explanation.

\c@caption@flags=\count317
\c@continuedfloat=\count318
Package caption Info: float package is loaded.
) (C:\Users\nguye\AppData\Local\Programs\MiKTeX\tex/latex/caption\subcaption.sty
Package: subcaption 2023/07/28 v1.6b Sub-captions (AR)
Package caption Info: New subtype `subfigure' on input line 238.
\c@subfigure=\count319
Package caption Info: New subtype `subtable' on input line 238.
\c@subtable=\count320
) (C:\Users\nguye\AppData\Local\Programs\MiKTeX\tex/latex/lipsum\lipsum.sty (C:\Users\nguye\AppData\Local\Programs\MiKTeX\tex/latex/l3packages/l3keys2e\l3keys2e.sty (C:\Users\nguye\AppData\Local\Programs\MiKTeX\tex/latex/l3kernel\expl3.sty
Package: expl3 2024-05-08 L3 programming layer (loader) 
 (C:\Users\nguye\AppData\Local\Programs\MiKTeX\tex/latex/l3backend\l3backend-pdftex.def
File: l3backend-pdftex.def 2024-05-08 L3 backend support: PDF output (pdfTeX)
\l__color_backend_stack_int=\count321
\l__pdf_internal_box=\box106
))
Package: l3keys2e 2024-05-08 LaTeX2e option processing using LaTeX3 keys
)
Package: lipsum 2021-09-20 v2.7 150 paragraphs of Lorem Ipsum dummy text
\g__lipsum_par_int=\count322
\l__lipsum_a_int=\count323
\l__lipsum_b_int=\count324
 (C:\Users\nguye\AppData\Local\Programs\MiKTeX\tex/latex/lipsum\lipsum.ltd.tex)) (C:\Users\nguye\AppData\Local\Programs\MiKTeX\tex/latex/url\url.sty
\Urlmuskip=\muskip18
Package: url 2013/09/16  ver 3.4  Verb mode for urls, etc.
) (C:\Users\nguye\AppData\Local\Programs\MiKTeX\tex/latex/cite\cite.sty
LaTeX Info: Redefining \cite on input line 302.
LaTeX Info: Redefining \nocite on input line 332.
Package: cite 2015/02/27  v 5.5
) (C:\Users\nguye\AppData\Local\Programs\MiKTeX\tex/latex/enumitem\enumitem.sty
Package: enumitem 2025/02/06 v3.11 Customized lists
\labelindent=\skip60
\enit@outerparindent=\dimen260
\enit@toks=\toks33
\enit@inbox=\box107
\enit@count@id=\count325
\enitdp@description=\count326
) (C:\Users\nguye\AppData\Local\Programs\MiKTeX\tex/latex/placeins\placeins.sty
Package: placeins 2005/04/18  v 2.2
) (C:\Users\nguye\AppData\Local\Programs\MiKTeX\tex/latex/adjustbox\adjustbox.sty
Package: adjustbox 2025/02/26 v1.3c Adjusting TeX boxes (trim, clip, ...)
 (C:\Users\nguye\AppData\Local\Programs\MiKTeX\tex/latex/xkeyval\xkeyval.sty
Package: xkeyval 2022/06/16 v2.9 package option processing (HA)
 (C:\Users\nguye\AppData\Local\Programs\MiKTeX\tex/generic/xkeyval\xkeyval.tex (C:\Users\nguye\AppData\Local\Programs\MiKTeX\tex/generic/xkeyval\xkvutils.tex
\XKV@toks=\toks34
\XKV@tempa@toks=\toks35
)
\XKV@depth=\count327
File: xkeyval.tex 2014/12/03 v2.7a key=value parser (HA)
)) (C:\Users\nguye\AppData\Local\Programs\MiKTeX\tex/latex/adjustbox\adjcalc.sty
Package: adjcalc 2012/05/16 v1.1 Provides advanced setlength with multiple back-ends (calc, etex, pgfmath)
) (C:\Users\nguye\AppData\Local\Programs\MiKTeX\tex/latex/adjustbox\trimclip.sty
Package: trimclip 2025/02/21 v1.2a Trim and clip general TeX material
 (C:\Users\nguye\AppData\Local\Programs\MiKTeX\tex/latex/collectbox\collectbox.sty
Package: collectbox 2022/10/17 v0.4c Collect macro arguments as boxes
\collectedbox=\box108
)
\tc@llx=\dimen261
\tc@lly=\dimen262
\tc@urx=\dimen263
\tc@ury=\dimen264
Package trimclip Info: Using driver 'tc-pdftex.def'.
 (C:\Users\nguye\AppData\Local\Programs\MiKTeX\tex/latex/adjustbox\tc-pdftex.def
File: tc-pdftex.def 2025/02/26 v2.3 Clipping driver for pdftex
))
\adjbox@Width=\dimen265
\adjbox@Height=\dimen266
\adjbox@Depth=\dimen267
\adjbox@Totalheight=\dimen268
\adjbox@pwidth=\dimen269
\adjbox@pheight=\dimen270
\adjbox@pdepth=\dimen271
\adjbox@ptotalheight=\dimen272
 (C:\Users\nguye\AppData\Local\Programs\MiKTeX\tex/latex/ifoddpage\ifoddpage.sty
Package: ifoddpage 2022/10/18 v1.2 Conditionals for odd/even page detection
\c@checkoddpage=\count328
) (C:\Users\nguye\AppData\Local\Programs\MiKTeX\tex/latex/varwidth\varwidth.sty
Package: varwidth 2009/03/30 ver 0.92;  Variable-width minipages
\@vwid@box=\box109
\sift@deathcycles=\count329
\@vwid@loff=\dimen273
\@vwid@roff=\dimen274
)) (C:\Users\nguye\AppData\Local\Programs\MiKTeX\tex/latex/tools\longtable.sty
Package: longtable 2023-11-01 v4.19 Multi-page Table package (DPC)
\LTleft=\skip61
\LTright=\skip62
\LTpre=\skip63
\LTpost=\skip64
\LTchunksize=\count330
\LTcapwidth=\dimen275
\LT@head=\box110
\LT@firsthead=\box111
\LT@foot=\box112
\LT@lastfoot=\box113
\LT@gbox=\box114
\LT@cols=\count331
\LT@rows=\count332
\c@LT@tables=\count333
\c@LT@chunks=\count334
\LT@p@ftn=\toks36
) (C:\Users\nguye\AppData\Local\Programs\MiKTeX\tex/latex/sttools\stfloats.sty
Package: stfloats 2017/03/27 v3.3 Improve float mechanism and baselineskip settings
\@dblbotnum=\count335
\c@dblbotnumber=\count336
) (21522049_21521447.aux)
\openout1 = `21522049_21521447.aux'.

LaTeX Font Info:    Checking defaults for OML/cmm/m/it on input line 27.
LaTeX Font Info:    ... okay on input line 27.
LaTeX Font Info:    Checking defaults for OMS/cmsy/m/n on input line 27.
LaTeX Font Info:    ... okay on input line 27.
LaTeX Font Info:    Checking defaults for OT1/cmr/m/n on input line 27.
LaTeX Font Info:    ... okay on input line 27.
LaTeX Font Info:    Checking defaults for T1/cmr/m/n on input line 27.
LaTeX Font Info:    ... okay on input line 27.
LaTeX Font Info:    Checking defaults for TS1/cmr/m/n on input line 27.
LaTeX Font Info:    ... okay on input line 27.
LaTeX Font Info:    Checking defaults for OMX/cmex/m/n on input line 27.
LaTeX Font Info:    ... okay on input line 27.
LaTeX Font Info:    Checking defaults for U/cmr/m/n on input line 27.
LaTeX Font Info:    ... okay on input line 27.
 (C:\Users\nguye\AppData\Local\Programs\MiKTeX\tex/context/base/mkii\supp-pdf.mkii
[Loading MPS to PDF converter (version 2006.09.02).]
\scratchcounter=\count337
\scratchdimen=\dimen276
\scratchbox=\box115
\nofMPsegments=\count338
\nofMParguments=\count339
\everyMPshowfont=\toks37
\MPscratchCnt=\count340
\MPscratchDim=\dimen277
\MPnumerator=\count341
\makeMPintoPDFobject=\count342
\everyMPtoPDFconversion=\toks38
) (C:\Users\nguye\AppData\Local\Programs\MiKTeX\tex/latex/epstopdf-pkg\epstopdf-base.sty
Package: epstopdf-base 2020-01-24 v2.11 Base part for package epstopdf
Package epstopdf-base Info: Redefining graphics rule for `.eps' on input line 485.
 (C:\Users\nguye\AppData\Local\Programs\MiKTeX\tex/latex/00miktex\epstopdf-sys.cfg
File: epstopdf-sys.cfg 2021/03/18 v2.0 Configuration of epstopdf for MiKTeX
))
Package caption Info: Begin \AtBeginDocument code.
Package caption Info: longtable package is loaded.
 (C:\Users\nguye\AppData\Local\Programs\MiKTeX\tex/latex/caption\ltcaption.sty
Package: ltcaption 2021/01/08 v1.4c longtable captions (AR)
)
Package caption Info: End \AtBeginDocument code.
LaTeX Font Info:    Trying to load font information for U+msa on input line 42.
 (C:\Users\nguye\AppData\Local\Programs\MiKTeX\tex/latex/amsfonts\umsa.fd
File: umsa.fd 2013/01/14 v3.01 AMS symbols A
)
LaTeX Font Info:    Trying to load font information for U+msb on input line 42.
 (C:\Users\nguye\AppData\Local\Programs\MiKTeX\tex/latex/amsfonts\umsb.fd
File: umsb.fd 2013/01/14 v3.01 AMS symbols B
)
LaTeX Font Info:    Trying to load font information for OMS+cmtt on input line 42.
LaTeX Font Info:    No file OMScmtt.fd. on input line 42.


LaTeX Font Warning: Font shape `OMS/cmtt/m/n' undefined
(Font)              using `OMS/cmsy/m/n' instead
(Font)              for symbol `textbraceleft' on input line 42.

Title too long for running head. Please supply
a shorter form with \titlerunning prior to \maketitle


[1

{C:/Users/nguye/AppData/Local/MiKTeX/fonts/map/pdftex/pdftex.map}]

LaTeX Warning: Citation `b1' on page 2 undefined on input line 57.


LaTeX Warning: Citation `b2' on page 2 undefined on input line 57.


LaTeX Warning: Citation `b3' on page 2 undefined on input line 60.


LaTeX Warning: Citation `b4' on page 2 undefined on input line 60.


LaTeX Warning: Citation `b5' on page 2 undefined on input line 68.



[2]

LaTeX Warning: Citation `b6' on page 3 undefined on input line 70.


LaTeX Warning: Citation `b8' on page 3 undefined on input line 74.


LaTeX Warning: Citation `b9' on page 3 undefined on input line 76.


LaTeX Warning: Citation `b10' on page 3 undefined on input line 78.


LaTeX Warning: Citation `b17' on page 3 undefined on input line 83.


Underfull \vbox (badness 1694) has occurred while \output is active []



[3]

LaTeX Warning: Citation `b11' on page 4 undefined on input line 92.


LaTeX Warning: Citation `b12' on page 4 undefined on input line 92.


LaTeX Warning: Citation `b13' on page 4 undefined on input line 92.


LaTeX Warning: Citation `b14' on page 4 undefined on input line 92.


LaTeX Warning: Citation `b15' on page 4 undefined on input line 92.


LaTeX Warning: Citation `b16' on page 4 undefined on input line 92.



[4]
\c@attr=\count343
<images/processASD.drawio.png, id=22, 805.0075pt x 734.745pt>
File: images/processASD.drawio.png Graphic file (type png)
<use images/processASD.drawio.png>
Package pdftex.def Info: images/processASD.drawio.png  used on input line 158.
(pdftex.def)             Requested size: 277.69987pt x 253.45366pt.

Underfull \vbox (badness 5847) has occurred while \output is active []



[5]
Overfull \hbox (21.29214pt too wide) in paragraph at lines 179--180
[]\OT1/cmr/m/it/10 Method: \OT1/cmr/m/n/10 Columns lack-ing an-a-lyt-i-cal value-such as purely ad-min-is-tra-tive metadata-
 []



[6 <./images/processASD.drawio.png>]

LaTeX Warning: Citation `b6' on page 7 undefined on input line 207.


LaTeX Warning: Citation `b7' on page 7 undefined on input line 209.



[7]

LaTeX Warning: Citation `b18' on page 8 undefined on input line 241.


LaTeX Warning: Citation `b19' on page 8 undefined on input line 242.

<images/structure_imp_ola.png, id=37, 379.4175pt x 524.96124pt>
File: images/structure_imp_ola.png Graphic file (type png)
<use images/structure_imp_ola.png>
Package pdftex.def Info: images/structure_imp_ola.png  used on input line 257.
(pdftex.def)             Requested size: 173.56177pt x 240.13937pt.


[8]
Underfull \hbox (badness 10000) in paragraph at lines 263--265

 []


Underfull \hbox (badness 10000) in paragraph at lines 269--271

 []



[9 <./images/structure_imp_ola.png>]
<images/pca_smote_knn.png, id=47, 615.0478pt x 449.42906pt>
File: images/pca_smote_knn.png Graphic file (type png)
<use images/pca_smote_knn.png>
Package pdftex.def Info: images/pca_smote_knn.png  used on input line 320.
(pdftex.def)             Requested size: 138.84729pt x 101.46005pt.
<images/pca_smote_ipf.png, id=48, 643.6547pt x 451.6875pt>
File: images/pca_smote_ipf.png Graphic file (type png)
<use images/pca_smote_ipf.png>
Package pdftex.def Info: images/pca_smote_ipf.png  used on input line 326.
(pdftex.def)             Requested size: 138.84729pt x 97.43484pt.


[10]
Underfull \hbox (badness 10000) in paragraph at lines 335--339

 []


Underfull \vbox (badness 10000) has occurred while \output is active []



[11 <./images/pca_smote_knn.png> <./images/pca_smote_ipf.png>]
<images/tree_cot.png, id=57, 502.12593pt x 236.38312pt>
File: images/tree_cot.png Graphic file (type png)
<use images/tree_cot.png>
Package pdftex.def Info: images/tree_cot.png  used on input line 404.
(pdftex.def)             Requested size: 124.9641pt x 58.82872pt.
<images/xgb_cot.png, id=58, 452.4403pt x 216.81pt>
File: images/xgb_cot.png Graphic file (type png)
<use images/xgb_cot.png>
Package pdftex.def Info: images/xgb_cot.png  used on input line 410.
(pdftex.def)             Requested size: 124.9641pt x 59.88263pt.
<images/cat_cot.png, id=59, 456.95718pt x 227.34938pt>
File: images/cat_cot.png Graphic file (type png)
<use images/cat_cot.png>
Package pdftex.def Info: images/cat_cot.png  used on input line 418.
(pdftex.def)             Requested size: 124.9641pt x 62.17262pt.
<images/ola_cot.png, id=60, 453.19313pt x 219.06844pt>
File: images/ola_cot.png Graphic file (type png)
<use images/ola_cot.png>
Package pdftex.def Info: images/ola_cot.png  used on input line 424.
(pdftex.def)             Requested size: 124.9641pt x 60.40611pt.

Underfull \vbox (badness 10000) has occurred while \output is active []



[12]
Underfull \hbox (badness 10000) in paragraph at lines 434--436

 []


Underfull \vbox (badness 3449) has occurred while \output is active []



[13 <./images/tree_cot.png> <./images/xgb_cot.png> <./images/cat_cot.png> <./images/ola_cot.png>]
Underfull \vbox (badness 5036) has occurred while \output is active []



[14]
<images/feature_dt.png, id=75, 795.72281pt x 362.85562pt>
File: images/feature_dt.png Graphic file (type png)
<use images/feature_dt.png>
Package pdftex.def Info: images/feature_dt.png  used on input line 519.
(pdftex.def)             Requested size: 156.20453pt x 71.22995pt.
<images/feature_xgb.png, id=76, 780.66656pt x 378.66469pt>
File: images/feature_xgb.png Graphic file (type png)
<use images/feature_xgb.png>
Package pdftex.def Info: images/feature_xgb.png  used on input line 525.
(pdftex.def)             Requested size: 156.20453pt x 75.76625pt.
<images/feature_cat.png, id=77, 776.9025pt x 370.38374pt>
File: images/feature_cat.png Graphic file (type png)
<use images/feature_cat.png>
Package pdftex.def Info: images/feature_cat.png  used on input line 533.
(pdftex.def)             Requested size: 156.20453pt x 74.4654pt.
<images/feature_ola.png, id=78, 785.18344pt x 362.85562pt>
File: images/feature_ola.png Graphic file (type png)
<use images/feature_ola.png>
Package pdftex.def Info: images/feature_ola.png  used on input line 539.
(pdftex.def)             Requested size: 156.20453pt x 72.18227pt.
<images/feature_enhanced_ola.png, id=79, 780.66656pt x 347.04657pt>
File: images/feature_enhanced_ola.png Graphic file (type png)
<use images/feature_enhanced_ola.png>
Package pdftex.def Info: images/feature_enhanced_ola.png  used on input line 552.
(pdftex.def)             Requested size: 208.27623pt x 92.58647pt.


[15 <./images/feature_dt.png> <./images/feature_xgb.png> <./images/feature_cat.png> <./images/feature_ola.png> <./images/feature_enhanced_ola.png>]

[16]
<images/screen.png, id=92, 1414.53468pt x 501.37312pt>
File: images/screen.png Graphic file (type png)
<use images/screen.png>
Package pdftex.def Info: images/screen.png  used on input line 596.
(pdftex.def)             Requested size: 295.05711pt x 104.57997pt.


[17 <./images/screen.png>]
Underfull \hbox (badness 10000) in paragraph at lines 606--607

 []


Underfull \hbox (badness 5245) in paragraph at lines 620--621
[]\OT1/cmr/m/n/9 Harshita Chan-drappa, Swaathi BR, Prof. Swimpy Pahuja. ``Pre-dic-
 []


Underfull \hbox (badness 2818) in paragraph at lines 620--621
\OT1/cmr/m/n/9 tion of Autism Spec-trum Dis-or-der based on Ma-chine Learn-ing Ap-
 []


Underfull \hbox (badness 1237) in paragraph at lines 620--621
\OT1/cmr/m/n/9 proach,'' \OT1/cmr/m/it/9 In-ter-na-tional Jour-nal for Re-search in Ap-plied Sci-ence & En-
 []


Underfull \hbox (badness 1448) in paragraph at lines 620--621
\OT1/cmr/m/it/9 gi-neer-ing Tech-nol-ogy (IJRASET)\OT1/cmr/m/n/9 , vol. 11, no. V, pp. 3521-3526, May
 []


Underfull \hbox (badness 4072) in paragraph at lines 620--621
\OT1/cmr/m/n/9 2023. doi: 10.22214/ijraset.2023.52417. Avail-able: $\OT1/cmtt/m/n/9 https : / / doi . org / 10 .
 []



[18]
Underfull \hbox (badness 3108) in paragraph at lines 644--645
[]\OT1/cmr/m/n/9 F. F. Tab-tah, ``Autism spec-trum dis-or-der screen-ing,'' dataset about
 []


Underfull \hbox (badness 2762) in paragraph at lines 644--645
\OT1/cmr/m/n/9 list 10 ques-tion to pre-dict ASD in kag-gle in \OT1/cmr/m/it/9 Proc. 1st Int. Conf.
 []


Underfull \hbox (badness 5832) in paragraph at lines 644--645
\OT1/cmr/m/it/9 on Med-i-cal and Health In-for-mat-ics\OT1/cmr/m/n/9 , Taichung City, Tai-wan, ACM,
 []


Underfull \hbox (badness 10000) in paragraph at lines 644--645
\OT1/cmr/m/n/9 2017. Avail-able: $\OT1/cmtt/m/n/9 http : / / fadifayez . com / wp-[]content / uploads / 2017 / 11 /
 []


Underfull \hbox (badness 1259) in paragraph at lines 646--647
[]\OT1/cmr/m/n/9 Overall Lo-cal Ac-cu-racy. Avail-able: $\OT1/cmtt/m/n/9 https : / / deslib . readthedocs . io / en /
 []


! LaTeX Error: \begin{itemize} on input line 262 ended by \end{document}.

See the LaTeX manual or LaTeX Companion for explanation.
Type  H <return>  for immediate help.
 ...                                              
                                                  
l.653 \end{document}
                    
Your command was ignored.
Type  I <command> <return>  to replace it with another command,
or  <return>  to continue without it.



[19] (21522049_21521447.aux)
 ***********
LaTeX2e <2024-06-01>
L3 programming layer <2024-05-08>
 ***********


LaTeX Font Warning: Some font shapes were not available, defaults substituted.


LaTeX Warning: There were undefined references.


LaTeX Warning: Label(s) may have changed. Rerun to get cross-references right.

 )
(\end occurred inside a group at level 1)

### semi simple group (level 1) entered at line 262 (\begingroup)
### bottom level 
Here is how much of TeX's memory you used:
 7255 strings out of 473938
 125073 string characters out of 5727392
 1949893 words of memory out of 5000000
 29973 multiletter control sequences out of 15000+600000
 565722 words of font info for 66 fonts, out of 8000000 for 9000
 1141 hyphenation exceptions out of 8191
 79i,13n,93p,1558b,720s stack positions out of 10000i,1000n,20000p,200000b,200000s
<C:/Users/nguye/AppData/Local/Programs/MiKTeX/fonts/type1/public/amsfonts/cm/cmbx10.pfb><C:/Users/nguye/AppData/Local/Programs/MiKTeX/fonts/type1/public/amsfonts/cm/cmbx12.pfb><C:/Users/nguye/AppData/Local/Programs/MiKTeX/fonts/type1/public/amsfonts/cm/cmbx9.pfb><C:/Users/nguye/AppData/Local/Programs/MiKTeX/fonts/type1/public/amsfonts/cm/cmmi10.pfb><C:/Users/nguye/AppData/Local/Programs/MiKTeX/fonts/type1/public/amsfonts/cm/cmr10.pfb><C:/Users/nguye/AppData/Local/Programs/MiKTeX/fonts/type1/public/amsfonts/cm/cmr6.pfb><C:/Users/nguye/AppData/Local/Programs/MiKTeX/fonts/type1/public/amsfonts/cm/cmr7.pfb><C:/Users/nguye/AppData/Local/Programs/MiKTeX/fonts/type1/public/amsfonts/cm/cmr9.pfb><C:/Users/nguye/AppData/Local/Programs/MiKTeX/fonts/type1/public/amsfonts/cm/cmsy10.pfb><C:/Users/nguye/AppData/Local/Programs/MiKTeX/fonts/type1/public/amsfonts/cm/cmsy9.pfb><C:/Users/nguye/AppData/Local/Programs/MiKTeX/fonts/type1/public/amsfonts/cm/cmti10.pfb><C:/Users/nguye/AppData/Local/Programs/MiKTeX/fonts/type1/public/amsfonts/cm/cmti9.pfb><C:/Users/nguye/AppData/Local/Programs/MiKTeX/fonts/type1/public/amsfonts/cm/cmtt10.pfb><C:/Users/nguye/AppData/Local/Programs/MiKTeX/fonts/type1/public/amsfonts/cm/cmtt9.pfb>
Output written on 21522049_21521447.pdf (19 pages, 714248 bytes).
PDF statistics:
 163 PDF objects out of 1000 (max. 8388607)
 0 named destinations out of 1000 (max. 500000)
 71 words of extra memory for PDF output out of 10000 (max. 10000000)

